// Jest Snapshot v1, https://goo.gl/fbAQLP

exports[`test snapshot for Footer 1`] = `
<header
  className="MuiPaper-root MuiPaper-elevation MuiPaper-elevation4 MuiAppBar-root MuiAppBar-colorPrimary MuiAppBar-positionFixed mui-fixed css-1ldzm7z-MuiPaper-root-MuiAppBar-root"
>
  <div
    className="MuiToolbar-root MuiToolbar-gutters MuiToolbar-regular css-13vimk6-MuiToolbar-root"
  >
    <p
      className="MuiTypography-root MuiTypography-body1 css-ahj2mt-MuiTypography-root"
    >
      Alle Preise sind in Euro (â‚¬) inkl. gesetzlicher Umsatzsteuer und Versandkosten.
    </p>
  </div>
</header>
`;
