// Jest Snapshot v1, https://goo.gl/fbAQLP

exports[`test side bar snapshot test 1`] = `
<div
  className="MuiDrawer-root MuiDrawer-docked css-1f2xuhi-MuiDrawer-docked"
>
  <div
    className="MuiPaper-root MuiPaper-elevation MuiPaper-elevation0 MuiDrawer-paper MuiDrawer-paperAnchorLeft MuiDrawer-paperAnchorDockedLeft css-12i7wg6-MuiPaper-root-MuiDrawer-paper"
  >
    <div
      className="MuiToolbar-root MuiToolbar-gutters MuiToolbar-regular css-1t29gy6-MuiToolbar-root"
    />
    <hr
      className="MuiDivider-root MuiDivider-fullWidth css-9mgopn-MuiDivider-root"
    />
    <nav
      aria-labelledby="nested-list-subheader"
      className="MuiList-root MuiList-padding MuiList-subheader css-1qpl6dz-MuiList-root"
    >
      <div
        className="MuiListSubheader-root MuiListSubheader-gutters MuiListSubheader-sticky css-uob957-MuiListSubheader-root"
        id="nested-list-subheader"
      >
        Kategorien
      </div>
      <div
        className="MuiListItemButton-root MuiListItemButton-gutters MuiButtonBase-root css-1ghv7cd-MuiButtonBase-root-MuiListItemButton-root"
        onBlur={[Function]}
        onClick={[Function]}
        onContextMenu={[Function]}
        onDragLeave={[Function]}
        onFocus={[Function]}
        onKeyDown={[Function]}
        onKeyUp={[Function]}
        onMouseDown={[Function]}
        onMouseLeave={[Function]}
        onMouseUp={[Function]}
        onTouchEnd={[Function]}
        onTouchMove={[Function]}
        onTouchStart={[Function]}
        role="button"
        tabIndex={0}
      >
        <li
          className="MuiListItem-root MuiListItem-gutters MuiListItem-padding css-1p823my-MuiListItem-root"
          disabled={false}
        >
          <div
            className="MuiListItemText-root css-tlelie-MuiListItemText-root"
          >
            <span
              className="MuiTypography-root MuiTypography-body1 MuiListItemText-primary css-10hburv-MuiTypography-root"
            >
              Test Category
            </span>
          </div>
        </li>
      </div>
    </nav>
  </div>
</div>
`;
